// Jest Snapshot v1, https://goo.gl/fbAQLP

exports[`it renders Example 1`] = `ShallowWrapper {}`;

exports[`it renders Example element 1`] = `ReactWrapper {}`;
