// Jest Snapshot v1, https://goo.gl/fbAQLP

exports[`it renders Footer 1`] = `ShallowWrapper {}`;
