// Jest Snapshot v1, https://goo.gl/fbAQLP

exports[`it renders navbar 1`] = `ShallowWrapper {}`;
