// Jest Snapshot v1, https://goo.gl/fbAQLP

exports[`testing Team page 1`] = `ShallowWrapper {}`;
